[
    TokenNode {
        source: ".a .p > .x ",
        loc: PositionLoc {
            start: Position {
                offset: 0,
                line: 0,
                column: 0,
            },
            end: Position {
                offset: 11,
                line: 0,
                column: 11,
            },
        },
        is_syntax: false,
    },
    TokenNode {
        source: "{",
        loc: PositionLoc {
            start: Position {
                offset: 11,
                line: 0,
                column: 11,
            },
            end: Position {
                offset: 12,
                line: 0,
                column: 12,
            },
        },
        is_syntax: true,
    },
    TokenNode {
        source: "\n                color",
        loc: PositionLoc {
            start: Position {
                offset: 12,
                line: 0,
                column: 12,
            },
            end: Position {
                offset: 35,
                line: 1,
                column: 22,
            },
        },
        is_syntax: false,
    },
    TokenNode {
        source: ":",
        loc: PositionLoc {
            start: Position {
                offset: 35,
                line: 1,
                column: 22,
            },
            end: Position {
                offset: 36,
                line: 1,
                column: 23,
            },
        },
        is_syntax: true,
    },
    TokenNode {
        source: "calc(1px + 20px)\n            ",
        loc: PositionLoc {
            start: Position {
                offset: 36,
                line: 1,
                column: 23,
            },
            end: Position {
                offset: 66,
                line: 2,
                column: 13,
            },
        },
        is_syntax: false,
    },
    TokenNode {
        source: "}",
        loc: PositionLoc {
            start: Position {
                offset: 66,
                line: 2,
                column: 13,
            },
            end: Position {
                offset: 67,
                line: 2,
                column: 14,
            },
        },
        is_syntax: true,
    },
]