Root {
    children: [
        AtRule {
            selector: TokenNode {
                source: "@function good(value)",
                loc: PositionLoc {
                    start: Position {
                        offset: 0,
                        line: 0,
                        column: 0,
                    },
                    end: Position {
                        offset: 21,
                        line: 0,
                        column: 21,
                    },
                },
                is_syntax: false,
            },
            children: [
                AtRule {
                    selector: TokenNode {
                        source: "\n               @let v = value",
                        loc: PositionLoc {
                            start: Position {
                                offset: 22,
                                line: 0,
                                column: 22,
                            },
                            end: Position {
                                offset: 53,
                                line: 1,
                                column: 30,
                            },
                        },
                        is_syntax: false,
                    },
                    children: [],
                },
                AtRule {
                    selector: TokenNode {
                        source: "\n               @if(v < 50)",
                        loc: PositionLoc {
                            start: Position {
                                offset: 54,
                                line: 1,
                                column: 31,
                            },
                            end: Position {
                                offset: 82,
                                line: 2,
                                column: 27,
                            },
                        },
                        is_syntax: false,
                    },
                    children: [
                        AtRule {
                            selector: TokenNode {
                                source: "\n                   @return 'padding-top:50px'",
                                loc: PositionLoc {
                                    start: Position {
                                        offset: 83,
                                        line: 2,
                                        column: 28,
                                    },
                                    end: Position {
                                        offset: 130,
                                        line: 3,
                                        column: 46,
                                    },
                                },
                                is_syntax: false,
                            },
                            children: [],
                        },
                    ],
                },
                AtRule {
                    selector: TokenNode {
                        source: "\n               @return 'padding-top:'+ v +'px'",
                        loc: PositionLoc {
                            start: Position {
                                offset: 149,
                                line: 4,
                                column: 17,
                            },
                            end: Position {
                                offset: 197,
                                line: 5,
                                column: 47,
                            },
                        },
                        is_syntax: false,
                    },
                    children: [],
                },
            ],
        },
    ],
}