Root {
    children: [
        AtRule {
            selector: '@media (min-width: 576px)',
            children: [
                Rule {
                    selector: '.container',
                    children: [
                        Declaration {
                            key: 'max-width',
                            value: '540px',
                        },
                    ],
                },
            ],
        },
        Rule {
            selector: 'col-5',
            children: [
                Declaration {
                    key: 'flex',
                    value: '0 0 auto',
                },
            ],
        },
    ],
}