Root {
    children: [
        Rule {
            selector: 'input:after',
            children: [
                Declaration {
                    key: 'color',
                    value: 'red',
                },
                Rule {
                    selector: '.wow::before',
                    children: [
                        Declaration {
                            key: 'color',
                            value: 'blue',
                        },
                    ],
                },
            ],
        },
    ],
}