Root {
    children: [
        Rule {
            selector: '.a .p > .x',
            children: [
                Declaration {
                    key: 'color',
                    value: 'calc(1px + 20px)',
                },
                Declaration {
                    key: 'font-size',
                    value: '15px',
                },
            ],
        },
        Rule {
            selector: '.gogo',
            children: [
                Declaration {
                    key: 'display',
                    value: 'flex',
                },
                Rule {
                    selector: '.haha',
                    children: [
                        Declaration {
                            key: 'color',
                            value: 'red',
                        },
                    ],
                },
            ],
        },
    ],
}